
Memory Configuration

Name             Origin             Length             Attributes
Mem              0x00000000         0x04000000         xrw
*default*        0x00000000         0xffffffff

Linker script and memory map

                0x00010000                . = 0x10000

.startup        0x00010000       0x10
 startup.o(.text)
 .text          0x00010000       0x10 startup.o
                0x00010000                reset

.text           0x00010010       0xd4
 *(.text)
 .text          0x00010010       0x20 main.o
                0x00010010                main
 .text          0x00010030       0x50 UART.o
                0x00010030                UART_string
 *(.rodata)
 .rodata        0x00010080       0x64 main.o
                0x00010080                string_buffer2

.glue_7         0x000100e4        0x0
 .glue_7        0x00000000        0x0 linker stubs

.glue_7t        0x000100e4        0x0
 .glue_7t       0x00000000        0x0 linker stubs

.vfp11_veneer   0x000100e4        0x0
 .vfp11_veneer  0x00000000        0x0 linker stubs

.v4_bx          0x000100e4        0x0
 .v4_bx         0x00000000        0x0 linker stubs

.iplt           0x000100e4        0x0
 .iplt          0x00000000        0x0 startup.o

.rel.dyn        0x000100e4        0x0
 .rel.iplt      0x00000000        0x0 startup.o

.data           0x000100e4       0x64
 *(.data)
 .data          0x000100e4        0x0 startup.o
 .data          0x000100e4       0x64 main.o
                0x000100e4                string_buffer
 .data          0x00010148        0x0 UART.o

.igot.plt       0x00010148        0x0
 .igot.plt      0x00000000        0x0 startup.o

.bss            0x00010148        0x0
 *(.bss)
 .bss           0x00010148        0x0 startup.o
 .bss           0x00010148        0x0 main.o
 .bss           0x00010148        0x0 UART.o
 *(COMMON)
                0x00011148                . = (. + 0x1000)
                0x00011148                stack_top = .
LOAD main.o
LOAD UART.o
LOAD startup.o
OUTPUT(learn.elf elf32-littlearm)

.ARM.attributes
                0x00000000       0x2e
 .ARM.attributes
                0x00000000       0x22 startup.o
 .ARM.attributes
                0x00000022       0x32 main.o
 .ARM.attributes
                0x00000054       0x32 UART.o

.comment        0x00000000       0x11
 .comment       0x00000000       0x11 main.o
                                 0x12 (size before relaxing)
 .comment       0x00000000       0x12 UART.o
