
Memory Configuration

Name             Origin             Length             Attributes
flash            0x0000000008000000 0x0000000000020000 xr
sram             0x0000000020000000 0x0000000000005000 xrw
*default*        0x0000000000000000 0xffffffffffffffff

Linker script and memory map


.text           0x0000000008000000      0x1ec
 *(.vectors*)
 .vectors       0x0000000008000000       0x10 startup.o
                0x0000000008000000                vectors
 *(.text*)
 .text          0x0000000008000010       0x2c Alarm_Monitoring.o
                0x0000000008000010                Alarm
                0x0000000008000030                Normal
 .text          0x000000000800003c       0xc4 driver.o
                0x000000000800003c                Delay
                0x000000000800005c                getPressureVal
                0x0000000008000074                Set_Alarm_actuator
                0x00000000080000b0                GPIO_INITIALIZATION
 .text          0x0000000008000100       0x1c LED_Indicator.o
                0x0000000008000100                LED_ON
                0x000000000800010e                LED_OFF
 .text          0x000000000800011c        0xe main.o
                0x000000000800011c                main
 .text          0x000000000800012a       0x1c Main_Alg.o
                0x000000000800012a                Alg
 .text          0x0000000008000146        0xe pressure_sensor.o
                0x0000000008000146                getPressureReading
 .text          0x0000000008000154       0x98 startup.o
                0x0000000008000154                NMI_handler
                0x0000000008000154                H_FAULT_handler
                0x0000000008000154                Default_handler
                0x0000000008000160                reset_handler
 *(.rodata)
                0x00000000080001ec                _E_text = .

.glue_7         0x00000000080001ec        0x0
 .glue_7        0x00000000080001ec        0x0 linker stubs

.glue_7t        0x00000000080001ec        0x0
 .glue_7t       0x00000000080001ec        0x0 linker stubs

.vfp11_veneer   0x00000000080001ec        0x0
 .vfp11_veneer  0x00000000080001ec        0x0 linker stubs

.v4_bx          0x00000000080001ec        0x0
 .v4_bx         0x00000000080001ec        0x0 linker stubs

.iplt           0x00000000080001ec        0x0
 .iplt          0x00000000080001ec        0x0 Alarm_Monitoring.o

.rel.dyn        0x00000000080001ec        0x0
 .rel.iplt      0x00000000080001ec        0x0 Alarm_Monitoring.o

.data           0x0000000020000000        0x0 load address 0x00000000080001ec
                0x0000000020000000                _S_data = .
 *(.data)
 .data          0x0000000020000000        0x0 Alarm_Monitoring.o
 .data          0x0000000020000000        0x0 driver.o
 .data          0x0000000020000000        0x0 LED_Indicator.o
 .data          0x0000000020000000        0x0 main.o
 .data          0x0000000020000000        0x0 Main_Alg.o
 .data          0x0000000020000000        0x0 pressure_sensor.o
 .data          0x0000000020000000        0x0 startup.o
                0x0000000020000000                . = ALIGN (0x4)
                0x0000000020000000                _E_data = .

.igot.plt       0x0000000020000000        0x0 load address 0x00000000080001ec
 .igot.plt      0x0000000020000000        0x0 Alarm_Monitoring.o

.bss            0x0000000020000000     0x1000 load address 0x00000000080001ec
                0x0000000020000000                _S_bss = .
 *(.bss)
 .bss           0x0000000020000000        0x0 Alarm_Monitoring.o
 .bss           0x0000000020000000        0x0 driver.o
 .bss           0x0000000020000000        0x0 LED_Indicator.o
 .bss           0x0000000020000000        0x0 main.o
 .bss           0x0000000020000000        0x0 Main_Alg.o
 .bss           0x0000000020000000        0x0 pressure_sensor.o
 .bss           0x0000000020000000        0x0 startup.o
                0x0000000020000000                _E_bss = .
                0x0000000020000000                . = ALIGN (0x4)
                0x0000000020001000                . = (. + 0x1000)
 *fill*         0x0000000020000000     0x1000 
                0x0000000020001000                _stack_top = .
LOAD Alarm_Monitoring.o
LOAD driver.o
LOAD LED_Indicator.o
LOAD main.o
LOAD Main_Alg.o
LOAD pressure_sensor.o
LOAD startup.o
OUTPUT(Pressure_Detection_System.elf elf32-littlearm)

.debug_info     0x0000000000000000     0x321b
 .debug_info    0x0000000000000000      0x99f Alarm_Monitoring.o
 .debug_info    0x000000000000099f      0xa05 driver.o
 .debug_info    0x00000000000013a4      0x99f LED_Indicator.o
 .debug_info    0x0000000000001d43      0x98e main.o
 .debug_info    0x00000000000026d1       0x3b Main_Alg.o
 .debug_info    0x000000000000270c      0x98e pressure_sensor.o
 .debug_info    0x000000000000309a      0x181 startup.o

.debug_abbrev   0x0000000000000000      0x8a4
 .debug_abbrev  0x0000000000000000      0x176 Alarm_Monitoring.o
 .debug_abbrev  0x0000000000000176      0x1de driver.o
 .debug_abbrev  0x0000000000000354      0x176 LED_Indicator.o
 .debug_abbrev  0x00000000000004ca      0x178 main.o
 .debug_abbrev  0x0000000000000642       0x2a Main_Alg.o
 .debug_abbrev  0x000000000000066c      0x178 pressure_sensor.o
 .debug_abbrev  0x00000000000007e4       0xc0 startup.o

.debug_loc      0x0000000000000000      0x2f0
 .debug_loc     0x0000000000000000       0x58 Alarm_Monitoring.o
 .debug_loc     0x0000000000000058      0x140 driver.o
 .debug_loc     0x0000000000000198       0x58 LED_Indicator.o
 .debug_loc     0x00000000000001f0       0x2c main.o
 .debug_loc     0x000000000000021c       0x2c Main_Alg.o
 .debug_loc     0x0000000000000248       0x2c pressure_sensor.o
 .debug_loc     0x0000000000000274       0x7c startup.o

.debug_aranges  0x0000000000000000       0xe0
 .debug_aranges
                0x0000000000000000       0x20 Alarm_Monitoring.o
 .debug_aranges
                0x0000000000000020       0x20 driver.o
 .debug_aranges
                0x0000000000000040       0x20 LED_Indicator.o
 .debug_aranges
                0x0000000000000060       0x20 main.o
 .debug_aranges
                0x0000000000000080       0x20 Main_Alg.o
 .debug_aranges
                0x00000000000000a0       0x20 pressure_sensor.o
 .debug_aranges
                0x00000000000000c0       0x20 startup.o

.debug_line     0x0000000000000000      0xc7e
 .debug_line    0x0000000000000000      0x1e5 Alarm_Monitoring.o
 .debug_line    0x00000000000001e5      0x2ca driver.o
 .debug_line    0x00000000000004af      0x1df LED_Indicator.o
 .debug_line    0x000000000000068e      0x1d7 main.o
 .debug_line    0x0000000000000865       0x3d Main_Alg.o
 .debug_line    0x00000000000008a2      0x1de pressure_sensor.o
 .debug_line    0x0000000000000a80      0x1fe startup.o

.debug_str      0x0000000000000000      0x63f
 .debug_str     0x0000000000000000      0x504 Alarm_Monitoring.o
                                        0x568 (size before relaxing)
 .debug_str     0x0000000000000504       0x57 driver.o
                                        0x5a8 (size before relaxing)
 .debug_str     0x000000000000055b       0x1f LED_Indicator.o
                                        0x567 (size before relaxing)
 .debug_str     0x000000000000057a        0xc main.o
                                        0x554 (size before relaxing)
 .debug_str     0x0000000000000586        0xb Main_Alg.o
                                         0xe2 (size before relaxing)
 .debug_str     0x0000000000000591       0x25 pressure_sensor.o
                                        0x56d (size before relaxing)
 .debug_str     0x00000000000005b6       0x89 startup.o
                                        0x200 (size before relaxing)

.comment        0x0000000000000000       0x7b
 .comment       0x0000000000000000       0x7b Alarm_Monitoring.o
                                         0x7c (size before relaxing)
 .comment       0x000000000000007b       0x7c driver.o
 .comment       0x000000000000007b       0x7c LED_Indicator.o
 .comment       0x000000000000007b       0x7c main.o
 .comment       0x000000000000007b       0x7c Main_Alg.o
 .comment       0x000000000000007b       0x7c pressure_sensor.o
 .comment       0x000000000000007b       0x7c startup.o

.ARM.attributes
                0x0000000000000000       0x33
 .ARM.attributes
                0x0000000000000000       0x33 Alarm_Monitoring.o
 .ARM.attributes
                0x0000000000000033       0x33 driver.o
 .ARM.attributes
                0x0000000000000066       0x33 LED_Indicator.o
 .ARM.attributes
                0x0000000000000099       0x33 main.o
 .ARM.attributes
                0x00000000000000cc       0x33 Main_Alg.o
 .ARM.attributes
                0x00000000000000ff       0x33 pressure_sensor.o
 .ARM.attributes
                0x0000000000000132       0x33 startup.o

.debug_frame    0x0000000000000000      0x204
 .debug_frame   0x0000000000000000       0x48 Alarm_Monitoring.o
 .debug_frame   0x0000000000000048       0xa0 driver.o
 .debug_frame   0x00000000000000e8       0x48 LED_Indicator.o
 .debug_frame   0x0000000000000130       0x2c main.o
 .debug_frame   0x000000000000015c       0x2c Main_Alg.o
 .debug_frame   0x0000000000000188       0x2c pressure_sensor.o
 .debug_frame   0x00000000000001b4       0x50 startup.o
